[2m🛠️ Executing step publish[0m
[2m10:10:46[0m [38;5;12m(validate-compute-environments)[0m [38;5;14m→[0m Starting validate-compute-environments...
[2m10:10:46[0m [38;5;12m(validate-compute-environments)[0m [38;5;2m✓[0m validate-compute-environments completed successfully
[2m10:10:46[0m [38;5;14m(prepare-deployment-targets-compose)[0m [38;5;14m→[0m Starting prepare-deployment-targets-compose...
[2m10:10:46[0m [38;5;14m(prepare-deployment-targets-compose)[0m [38;5;12mi[0m [INF] Creating Docker Compose resource for compose-dashboard
[2m10:10:46[0m [38;5;14m(prepare-deployment-targets-compose)[0m [38;5;12mi[0m [INF] Creating Docker Compose resource for pg
[2m10:10:46[0m [38;5;14m(prepare-deployment-targets-compose)[0m [38;5;12mi[0m [INF] Creating Docker Compose resource for cache
[2m10:10:46[0m [38;5;14m(prepare-deployment-targets-compose)[0m [38;5;12mi[0m [INF] Creating Docker Compose resource for api
[2m10:10:46[0m [38;5;14m(prepare-deployment-targets-compose)[0m [38;5;12mi[0m [INF] Creating Docker Compose resource for site
[2m10:10:46[0m [38;5;14m(prepare-deployment-targets-compose)[0m [38;5;12mi[0m [INF] Creating Docker Compose resource for worker
[2m10:10:46[0m [38;5;14m(prepare-deployment-targets-compose)[0m [38;5;2m✓[0m prepare-deployment-targets-compose completed successfully
[2m10:10:46[0m [38;5;11m(validate-docker-compose)[0m [38;5;14m→[0m Starting validate-docker-compose...
[2m10:10:46[0m [38;5;11m(validate-docker-compose)[0m [38;5;2m✓[0m validate-docker-compose completed successfully
[2m10:10:46[0m [38;5;13m(before-start)[0m [38;5;14m→[0m Starting before-start...
[2m10:10:46[0m [38;5;13m(before-start)[0m [38;5;2m✓[0m before-start completed successfully
[2m10:10:46[0m [38;5;5m(pipeline-execution)[0m [38;5;14m→[0m Starting pipeline-execution...
[2m10:10:46[0m [38;5;172m(publish-compose)[0m [38;5;14m→[0m Starting publish-compose...
[2m10:10:46[0m [38;5;172m(publish-compose)[0m [38;5;12mi[0m [INF] Generating Compose output
[2m10:10:46[0m [38;5;172m(publish-compose)[0m [38;5;14m→[0m Writing the Docker Compose file to the output path.
[2m10:10:46[0m [38;5;172m(publish-compose)[0m [38;5;2m✓[0m Docker Compose file written successfully to /Users/hdb/Developer/nakamadevs/aspire/playground/DartAppHost/out/docker-compose.yaml. 
(0.0s)
[2m10:10:46[0m [38;5;172m(publish-compose)[0m [38;5;2m✓[0m publish-compose completed successfully
[2m10:10:46[0m [38;5;12m(publish)[0m [38;5;14m→[0m Starting publish...
[2m10:10:46[0m [38;5;12m(publish)[0m [38;5;2m✓[0m publish completed successfully
[2m10:10:46[0m [38;5;5m(pipeline-execution)[0m [38;5;2m✓[0m Completed successfully
------------------------------------------------------------
[38;5;2m✅ 7/7 steps succeeded[0m • Total time: 72.26ms

Steps Summary:
                Step timeline:                        [2m0ms                    27.48ms[0m
                                                      [2m│───────┬──────┬─────┬───────│[0m
     10.30ms  [38;5;2m✓[0m [2mvalidate-compute-environments       [0m  [38;5;2m│╶──────────╴                │[0m
      5.88ms  [38;5;2m✓[0m [2m  prepare-deployment-targets-compose[0m  [38;5;2m│           ╶─────╴          │[0m
      0.69ms  [38;5;2m✓[0m [2m    before-start                    [0m  [38;5;2m│                   ╴        │[0m
      0.36ms  [38;5;2m✓[0m [2mvalidate-docker-compose             [0m  [38;5;2m│                  ╴         │[0m
      4.22ms  [38;5;2m✓[0m [2mpipeline-execution                  [0m  [38;5;2m│                      ╶────╴│[0m
      2.66ms  [38;5;2m✓[0m [2mpublish-compose                     [0m  [38;5;2m│                       ╶──╴ │[0m
      0.36ms  [38;5;2m✓[0m [2m  publish                           [0m  [38;5;2m│                          ╴ │[0m

[38;5;2m✅ Pipeline succeeded[0m
------------------------------------------------------------

